2026-08-19 17:45:03 [INFO    ] root:114 - ======================================================================
2026-08-19 17:45:03 [INFO    ] root:115 - Pipeline logging initialised
2026-08-19 17:45:03 [INFO    ] root:116 -   Console : INFO+
2026-08-19 17:45:03 [INFO    ] root:117 -   Log file: C:\Users\PrajwalP\Documents\GenAI - UC2\logs\pipeline_20260819_174503.log  (DEBUG+)
2026-08-19 17:45:03 [INFO    ] root:118 - ======================================================================
2026-08-19 17:45:03 [INFO    ] __main__:43 - run_phase1 started
2026-08-19 17:45:03 [INFO    ] src.orchestrator.phase1_graph:79 - Scanner: analysing 1 file(s)
2026-08-19 17:45:03 [INFO    ] src.tools.dependency_scanner:346 - Starting static dependency scan for 1 file(s)
2026-08-19 17:45:03 [INFO    ] src.parsing.language_detector:332 - Language detected
2026-08-19 17:45:03 [DEBUG   ] src.tools.dependency_scanner:387 - Pass 1 completed: registered 5 chunk nodes
2026-08-19 17:45:03 [INFO    ] src.tools.dependency_scanner:455 - Scan complete: 5 nodes, 4 edges, 0 file(s) failed, in 0.0s
2026-08-19 17:45:03 [INFO    ] src.tools.cycle_detector:177 - Prepared processing graph: 5 condensed nodes, 5‑node order
2026-08-19 17:45:03 [INFO    ] src.orchestrator.phase1_graph:115 - Scanner: produced 5 chunk(s) in 0.01s, processing order has 5 entries
2026-08-19 17:45:12 [INFO    ] src.agents.evaluator:254 - Evaluated chunk 'samples/java/BillingService.java::BillingService::main': score=47.0 (BL=20, Acc=90, Var=80, Clr=70, Issues=5)
2026-08-19 17:45:12 [INFO    ] src.orchestrator.phase1_graph:250 - Evaluator: chunk 'samples/java/BillingService.java::BillingService::main' scored 47.0 (5 issue(s))
2026-08-19 17:45:12 [INFO    ] src.orchestrator.phase1_graph:302 - route_after_eval: chunk 'samples/java/BillingService.java::BillingService::main' needs refinement (score=47.0, attempt=1/3)
2026-08-19 17:45:18 [INFO    ] src.agents.evaluator:254 - Evaluated chunk 'samples/java/BillingService.java::BillingService::main': score=75.2 (BL=50, Acc=90, Var=100, Clr=85, Issues=3)
2026-08-19 17:45:18 [INFO    ] src.orchestrator.phase1_graph:250 - Evaluator: chunk 'samples/java/BillingService.java::BillingService::main' scored 75.2 (3 issue(s))
2026-08-19 17:45:18 [INFO    ] src.orchestrator.phase1_graph:302 - route_after_eval: chunk 'samples/java/BillingService.java::BillingService::main' needs refinement (score=75.2, attempt=2/3)
2026-08-19 17:45:23 [INFO    ] src.agents.evaluator:254 - Evaluated chunk 'samples/java/BillingService.java::BillingService::main': score=75.2 (BL=50, Acc=90, Var=100, Clr=85, Issues=3)
2026-08-19 17:45:24 [INFO    ] src.orchestrator.phase1_graph:250 - Evaluator: chunk 'samples/java/BillingService.java::BillingService::main' scored 75.2 (3 issue(s))
2026-08-19 17:45:24 [INFO    ] src.orchestrator.phase1_graph:302 - route_after_eval: chunk 'samples/java/BillingService.java::BillingService::main' needs refinement (score=75.2, attempt=3/3)
2026-08-19 17:45:32 [INFO    ] src.agents.evaluator:254 - Evaluated chunk 'samples/java/BillingService.java::BillingService::main': score=75.2 (BL=50, Acc=90, Var=100, Clr=85, Issues=3)
2026-08-19 17:45:32 [INFO    ] src.orchestrator.phase1_graph:250 - Evaluator: chunk 'samples/java/BillingService.java::BillingService::main' scored 75.2 (3 issue(s))
2026-08-19 17:45:32 [INFO    ] src.orchestrator.phase1_graph:296 - route_after_eval: chunk 'samples/java/BillingService.java::BillingService::main' exhausted 3 retries (score=75.2) -> flagging
2026-08-19 17:45:32 [WARNING ] src.orchestrator.phase1_graph:350 - flag_for_human: chunk 'samples/java/BillingService.java::BillingService::main' flagged (score=75.2, 3 issue(s))
2026-08-19 17:45:32 [DEBUG   ] src.orchestrator.phase1_graph:374 - next_chunk_router: advancing to 'samples/java/BillingService.java::BillingService::processBilling'
2026-08-19 17:45:40 [INFO    ] src.agents.evaluator:254 - Evaluated chunk 'samples/java/BillingService.java::BillingService::processBilling': score=63.8 (BL=50, Acc=85, Var=60, Clr=70, Issues=4)
2026-08-19 17:45:40 [INFO    ] src.orchestrator.phase1_graph:250 - Evaluator: chunk 'samples/java/BillingService.java::BillingService::processBilling' scored 63.8 (4 issue(s))
2026-08-19 17:45:40 [INFO    ] src.orchestrator.phase1_graph:302 - route_after_eval: chunk 'samples/java/BillingService.java::BillingService::processBilling' needs refinement (score=63.8, attempt=1/3)
2026-08-19 17:45:47 [INFO    ] src.agents.evaluator:254 - Evaluated chunk 'samples/java/BillingService.java::BillingService::processBilling': score=59.5 (BL=50, Acc=70, Var=50, Clr=80, Issues=5)
2026-08-19 17:45:47 [INFO    ] src.orchestrator.phase1_graph:250 - Evaluator: chunk 'samples/java/BillingService.java::BillingService::processBilling' scored 59.5 (5 issue(s))
2026-08-19 17:45:47 [INFO    ] src.orchestrator.phase1_graph:302 - route_after_eval: chunk 'samples/java/BillingService.java::BillingService::processBilling' needs refinement (score=59.5, attempt=2/3)
2026-08-19 17:45:54 [INFO    ] src.agents.evaluator:254 - Evaluated chunk 'samples/java/BillingService.java::BillingService::processBilling': score=65.2 (BL=50, Acc=85, Var=60, Clr=80, Issues=4)
2026-08-19 17:45:54 [INFO    ] src.orchestrator.phase1_graph:250 - Evaluator: chunk 'samples/java/BillingService.java::BillingService::processBilling' scored 65.2 (4 issue(s))
2026-08-19 17:45:54 [INFO    ] src.orchestrator.phase1_graph:302 - route_after_eval: chunk 'samples/java/BillingService.java::BillingService::processBilling' needs refinement (score=65.2, attempt=3/3)
2026-08-19 17:46:02 [INFO    ] src.agents.evaluator:254 - Evaluated chunk 'samples/java/BillingService.java::BillingService::processBilling': score=41.2 (BL=50, Acc=85, Var=90, Clr=80, Issues=7)
2026-08-19 17:46:02 [INFO    ] src.orchestrator.phase1_graph:250 - Evaluator: chunk 'samples/java/BillingService.java::BillingService::processBilling' scored 41.2 (7 issue(s))
2026-08-19 17:46:02 [INFO    ] src.orchestrator.phase1_graph:296 - route_after_eval: chunk 'samples/java/BillingService.java::BillingService::processBilling' exhausted 3 retries (score=41.2) -> flagging
2026-08-19 17:46:02 [WARNING ] src.orchestrator.phase1_graph:350 - flag_for_human: chunk 'samples/java/BillingService.java::BillingService::processBilling' flagged (score=41.2, 7 issue(s))
2026-08-19 17:46:02 [DEBUG   ] src.orchestrator.phase1_graph:374 - next_chunk_router: advancing to 'samples/java/BillingService.java::BillingService::validateInput'
2026-08-19 17:46:09 [INFO    ] src.agents.evaluator:254 - Evaluated chunk 'samples/java/BillingService.java::BillingService::validateInput': score=72.5 (BL=85, Acc=90, Var=70, Clr=80, Issues=4)
2026-08-19 17:46:09 [INFO    ] src.orchestrator.phase1_graph:250 - Evaluator: chunk 'samples/java/BillingService.java::BillingService::validateInput' scored 72.5 (4 issue(s))
2026-08-19 17:46:09 [INFO    ] src.orchestrator.phase1_graph:302 - route_after_eval: chunk 'samples/java/BillingService.java::BillingService::validateInput' needs refinement (score=72.5, attempt=1/3)
2026-08-19 17:46:15 [INFO    ] src.agents.evaluator:254 - Evaluated chunk 'samples/java/BillingService.java::BillingService::validateInput': score=83.5 (BL=85, Acc=90, Var=75, Clr=80, Issues=4)
2026-08-19 17:46:15 [INFO    ] src.orchestrator.phase1_graph:250 - Evaluator: chunk 'samples/java/BillingService.java::BillingService::validateInput' scored 83.5 (4 issue(s))
2026-08-19 17:46:15 [DEBUG   ] src.orchestrator.phase1_graph:292 - route_after_eval: chunk 'samples/java/BillingService.java::BillingService::validateInput' PASSED (score=83.5)
2026-08-19 17:46:15 [DEBUG   ] src.orchestrator.phase1_graph:374 - next_chunk_router: advancing to 'samples/java/BillingService.java::BillingService::calcInterest'
2026-08-19 17:46:20 [INFO    ] src.agents.evaluator:254 - Evaluated chunk 'samples/java/BillingService.java::BillingService::calcInterest': score=90.0 (BL=100, Acc=100, Var=100, Clr=100, Issues=1)
2026-08-19 17:46:20 [INFO    ] src.orchestrator.phase1_graph:250 - Evaluator: chunk 'samples/java/BillingService.java::BillingService::calcInterest' scored 90.0 (1 issue(s))
2026-08-19 17:46:20 [DEBUG   ] src.orchestrator.phase1_graph:292 - route_after_eval: chunk 'samples/java/BillingService.java::BillingService::calcInterest' PASSED (score=90.0)
2026-08-19 17:46:20 [DEBUG   ] src.orchestrator.phase1_graph:374 - next_chunk_router: advancing to 'samples/java/BillingService.java::BillingService::raiseError'
2026-08-19 17:46:25 [INFO    ] src.agents.evaluator:254 - Evaluated chunk 'samples/java/BillingService.java::BillingService::raiseError': score=78.5 (BL=50, Acc=100, Var=100, Clr=90, Issues=1)
2026-08-19 17:46:25 [INFO    ] src.orchestrator.phase1_graph:250 - Evaluator: chunk 'samples/java/BillingService.java::BillingService::raiseError' scored 78.5 (1 issue(s))
2026-08-19 17:46:25 [INFO    ] src.orchestrator.phase1_graph:302 - route_after_eval: chunk 'samples/java/BillingService.java::BillingService::raiseError' needs refinement (score=78.5, attempt=1/3)
2026-08-19 17:46:29 [INFO    ] src.agents.evaluator:254 - Evaluated chunk 'samples/java/BillingService.java::BillingService::raiseError': score=95.2 (BL=90, Acc=100, Var=100, Clr=95, Issues=1)
2026-08-19 17:46:29 [INFO    ] src.orchestrator.phase1_graph:250 - Evaluator: chunk 'samples/java/BillingService.java::BillingService::raiseError' scored 95.2 (1 issue(s))
2026-08-19 17:46:29 [DEBUG   ] src.orchestrator.phase1_graph:292 - route_after_eval: chunk 'samples/java/BillingService.java::BillingService::raiseError' PASSED (score=95.2)
2026-08-19 17:46:29 [INFO    ] src.orchestrator.phase1_graph:376 - next_chunk_router: all chunks processed
2026-08-19 17:46:29 [INFO    ] src.agents.documenter:540 - Exported 2 flagged review item(s) to docs\flagged_items.json
